---
source: src/generate.rs
expression: "read_file_content(\"out/about.html\")"
---

